2017年  1月 18日 水曜日 02:27:31 JST
LISTENINGは問題数:100  正答数:3です。
READINGは問題数:100  正答数:0です。
2017年  1月 19日 木曜日 02:27:44 JST
LISTENINGは問題数:100  正答数:9です。
READINGは問題数:100  正答数:0です。
2017年  1月 19日 木曜日 02:46:35 JST
LISTENINGは問題数:100  正答数:11です。
READINGは問題数:100  正答数:0です。
2017年  1月 20日 金曜日 03:14:54 JST
LISTENINGは問題数:100  正答数:15です。
READINGは問題数:100  正答数:0です。
2017年  1月 22日 日曜日 16:51:20 JST
LISTENINGは問題数:100  正答数:19です。
READINGは問題数:100  正答数:0です。
2017年  1月 22日 日曜日 18:25:51 JST
LISTENINGは問題数:100  正答数:33です。
READINGは問題数:100  正答数:0です。
